// Jest Snapshot v1, https://goo.gl/fbAQLP

exports[`UI snapshots Initial state 1`] = `"<div class=\\"App\\" data-test=\\"app\\"><nav class=\\"navbar navbar-expand-lg navbar-light bg-light\\" data-test=\\"nav-bar\\"><div class=\\"navbar-brand\\" data-test=\\"app-name\\">ER.redux</div><button class=\\"navbar-toggler\\" type=\\"button\\" data-toggle=\\"collapse\\" data-target=\\"#navbarSupportedContent\\" aria-controls=\\"navbarSupportedContent\\" aria-expanded=\\"false\\" aria-label=\\"Toggle navigation\\"><span class=\\"navbar-toggler-icon\\"></span></button><div class=\\"collapse navbar-collapse\\" id=\\"navbarSupportedContent\\"><ul class=\\"navbar-nav mr-auto\\"><li class=\\"nav-item active\\"><a class=\\"nav-link\\" href=\\"/\\">Home <span class=\\"sr-only\\">(current)</span></a></li></ul></div></nav><div class=\\"main\\"><button type=\\"button\\" class=\\"btn btn-primary\\" data-test=\\"btn-fetch\\">Fetch data</button></div></div>"`;

exports[`UI snapshots Table with real data 1`] = `"<div class=\\"App\\" data-test=\\"app\\"><nav class=\\"navbar navbar-expand-lg navbar-light bg-light\\" data-test=\\"nav-bar\\"><div class=\\"navbar-brand\\" data-test=\\"app-name\\">ER.redux</div><button class=\\"navbar-toggler\\" type=\\"button\\" data-toggle=\\"collapse\\" data-target=\\"#navbarSupportedContent\\" aria-controls=\\"navbarSupportedContent\\" aria-expanded=\\"false\\" aria-label=\\"Toggle navigation\\"><span class=\\"navbar-toggler-icon\\"></span></button><div class=\\"collapse navbar-collapse\\" id=\\"navbarSupportedContent\\"><ul class=\\"navbar-nav mr-auto\\"><li class=\\"nav-item active\\"><a class=\\"nav-link\\" href=\\"/\\">Home <span class=\\"sr-only\\">(current)</span></a></li></ul></div></nav><div class=\\"main\\"><table class=\\"table\\"><thead><tr><th scope=\\"col\\">EUR x</th><th scope=\\"col\\">Currency</th><th scope=\\"col\\">Rate</th></tr></thead><tbody><tr><td></td><td>AUD</td><td>1.6355</td></tr><tr><td></td><td>BGN</td><td>1.9558</td></tr><tr><td></td><td>BRL</td><td>4.3796</td></tr><tr><td></td><td>CAD</td><td>1.5069</td></tr><tr><td></td><td>CHF</td><td>1.1214</td></tr><tr><td></td><td>CNY</td><td>7.7794</td></tr><tr><td></td><td>CZK</td><td>25.56</td></tr><tr><td></td><td>DKK</td><td>7.4674</td></tr><tr><td></td><td>GBP</td><td>0.89208</td></tr><tr><td></td><td>HKD</td><td>8.7963</td></tr><tr><td></td><td>HRK</td><td>7.4055</td></tr><tr><td></td><td>HUF</td><td>322.29</td></tr><tr><td></td><td>IDR</td><td>16103.94</td></tr><tr><td></td><td>ILS</td><td>4.0549</td></tr><tr><td></td><td>INR</td><td>78.577</td></tr><tr><td></td><td>ISK</td><td>141.5</td></tr><tr><td></td><td>JPY</td><td>122.06</td></tr><tr><td></td><td>KRW</td><td>1333.25</td></tr><tr><td></td><td>MXN</td><td>21.5292</td></tr><tr><td></td><td>MYR</td><td>4.6913</td></tr><tr><td></td><td>NOK</td><td>9.7938</td></tr><tr><td></td><td>NZD</td><td>1.7259</td></tr><tr><td></td><td>PHP</td><td>58.703</td></tr><tr><td></td><td>PLN</td><td>4.2605</td></tr><tr><td></td><td>RON</td><td>4.728</td></tr><tr><td></td><td>RUB</td><td>72.1432</td></tr><tr><td></td><td>SEK</td><td>10.6495</td></tr><tr><td></td><td>SGD</td><td>1.54</td></tr><tr><td></td><td>THB</td><td>35.196</td></tr><tr><td></td><td>TRY</td><td>6.595</td></tr><tr><td></td><td>USD</td><td>1.1234</td></tr><tr><td></td><td>ZAR</td><td>16.6463</td></tr></tbody></table></div></div>"`;
